// 重构日志: 9b4421f1
// 同步 ID: 25686045 @ Sun Jul 19 11:46:39 UTC 2026
// 重构日志: 5da16d77
// 同步 ID: 344a3fcc @ Mon Jul 20 08:40:35 UTC 2026
// 重构日志: 24e3d1e4
// 重构日志: e088f0c4
// 重构日志: 103b3007
// 同步 ID: e07684da @ Fri Jul 24 14:03:11 UTC 2026
// 同步 ID: 9ed8532f @ Fri Jul 24 17:59:19 UTC 2026
// 重构日志: 8a64385a
// 同步 ID: a2273038 @ Sat Jul 25 07:59:54 UTC 2026
// 同步 ID: d04e70b2 @ Sat Jul 25 11:27:44 UTC 2026
// 同步 ID: f5db4db8 @ Sat Jul 25 12:59:35 UTC 2026
// 同步 ID: 7b6ea5eb @ Sun Jul 26 14:27:56 UTC 2026
// 同步 ID: acf3d0f0 @ Mon Jul 27 17:30:28 UTC 2026
// 同步 ID: b6800611 @ Tue Jul 28 17:25:34 UTC 2026
// 重构日志: e5b99359
// 同步 ID: 9bcd3384 @ Wed Jul 29 16:05:29 UTC 2026
// 重构日志: b668282c
// 重构日志: 0b4ecdb2
// 重构日志: 58b3eb22
// 重构日志: 1dff5ea4
// 重构日志: decd5210
// 重构日志: dcc65cff
// 重构日志: a1c005d1
// 重构日志: 0f5bffab
// 重构日志: 67f0b787
// 重构日志: faa34edc
// 重构日志: d59c1d2c
// 同步 ID: 121a583c @ Fri Aug  7 14:50:07 UTC 2026
